<html>
<body>
<pre>
<h1>µVision Build Log</h1>
<h2>Tool Versions:</h2>
IDE-Version: ¦ÌVision V5.40.0.0
Copyright (C) 2024 ARM Ltd and ARM Germany GmbH. All rights reserved.
License Information: gu w, 1, LIC=76F5U-SBLTE-63NMB-242WP-VEYBG-HPH7Q
 
Tool Versions:
Toolchain:       MDK-ARM Plus  Version: 5.40.0.3
Toolchain Path:  E:\keil_v5\ARM\ARMCLANG\bin\
C Compiler:      ArmClang.exe V6.22
Assembler:       Armasm.exe V6.22
Linker/Locator:  ArmLink.exe V6.22
Library Manager: ArmAr.exe V6.22
Hex Converter:   FromElf.exe V6.22
CPU DLL:         SARMCM3.DLL V5.40.0.3
Dialog DLL:      DCM.DLL V1.17.5.0
Target DLL:      STLink\ST-LINKIII-KEIL_SWO.dll V3.3.0.0
Dialog DLL:      TCM.DLL V1.56.4.0
 
<h2>Project:</h2>
C:\Users\w\Desktop\STM32\STM32Project\3 STM32_°´Å¥¿ØÖÆµÆ\Project.uvprojx
Project File Date:  07/17/2024

<h2>Output:</h2>
*** Using Compiler 'V5.06 update 7 (build 960)', folder: 'E:\keil_v5\ARM\ARMCLANG\bin\'
Rebuild target 'Target 1'
compiling system_stm32f10x.c...
*** Error: CreateProcess failed, Command: '"E:\keil_v5\ARM\ARMCLANG\bin\\ArmCC" --via ".\objects\system_stm32f10x.__i"'
compiling core_cm3.c...
*** Error: CreateProcess failed, Command: '"E:\keil_v5\ARM\ARMCLANG\bin\\ArmCC" --via ".\objects\core_cm3.__i"'
compiling stm32f10x_adc.c...
*** Error: CreateProcess failed, Command: '"E:\keil_v5\ARM\ARMCLANG\bin\\ArmCC" --via ".\objects\stm32f10x_adc.__i"'
compiling stm32f10x_dac.c...
*** Error: CreateProcess failed, Command: '"E:\keil_v5\ARM\ARMCLANG\bin\\ArmCC" --via ".\objects\stm32f10x_dac.__i"'
compiling stm32f10x_dma.c...
*** Error: CreateProcess failed, Command: '"E:\keil_v5\ARM\ARMCLANG\bin\\ArmCC" --via ".\objects\stm32f10x_dma.__i"'
compiling stm32f10x_can.c...
*** Error: CreateProcess failed, Command: '"E:\keil_v5\ARM\ARMCLANG\bin\\ArmCC" --via ".\objects\stm32f10x_can.__i"'
compiling stm32f10x_crc.c...
*** Error: CreateProcess failed, Command: '"E:\keil_v5\ARM\ARMCLANG\bin\\ArmCC" --via ".\objects\stm32f10x_crc.__i"'
compiling misc.c...
*** Error: CreateProcess failed, Command: '"E:\keil_v5\ARM\ARMCLANG\bin\\ArmCC" --via ".\objects\misc.__i"'
compiling stm32f10x_cec.c...
*** Error: CreateProcess failed, Command: '"E:\keil_v5\ARM\ARMCLANG\bin\\ArmCC" --via ".\objects\stm32f10x_cec.__i"'
compiling stm32f10x_bkp.c...
*** Error: CreateProcess failed, Command: '"E:\keil_v5\ARM\ARMCLANG\bin\\ArmCC" --via ".\objects\stm32f10x_bkp.__i"'
compiling stm32f10x_dbgmcu.c...
*** Error: CreateProcess failed, Command: '"E:\keil_v5\ARM\ARMCLANG\bin\\ArmCC" --via ".\objects\stm32f10x_dbgmcu.__i"'
compiling stm32f10x_exti.c...
*** Error: CreateProcess failed, Command: '"E:\keil_v5\ARM\ARMCLANG\bin\\ArmCC" --via ".\objects\stm32f10x_exti.__i"'
assembling startup_stm32f10x_md.s...
startup_stm32f10x_md.s: Warning: A1950W: The legacy armasm assembler is deprecated. Consider using the armclang integrated assembler instead.
linking...
Program Size: Code=1476 RO-data=268 RW-data=4 ZI-data=1636  
".\Objects\Project.axf" - 0 Error(s), 1 Warning(s).

<h2>Software Packages used:</h2>

Package Vendor: Keil
                https://www.keil.com/pack/Keil.STM32F1xx_DFP.2.4.1.pack
                Keil::STM32F1xx_DFP@2.4.1
                STMicroelectronics STM32F1 Series Device Support, Drivers and Examples

<h2>Collection of Component include folders:</h2>
  E:/keil Pack/Packs/Keil/STM32F1xx_DFP/2.4.1/Device/Include

<h2>Collection of Component Files used:</h2>
Target not created.
Build Time Elapsed:  00:00:00
</pre>
</body>
</html>
